What manual page do you want?
For example, try 'man man'.
rushikesh@rushikesh-Aspire-A715-76G:~$ MAN
MAN: command not found
rushikesh@rushikesh-Aspire-A715-76G:~$ man ls
rushikesh@rushikesh-Aspire-A715-76G:~$ uname
Linux
rushikesh@rushikesh-Aspire-A715-76G:~$ pwd
/home/rushikesh
rushikesh@rushikesh-Aspire-A715-76G:~$ hostname
rushikesh-Aspire-A715-76G
rushikesh@rushikesh-Aspire-A715-76G:~$ man man
rushikesh@rushikesh-Aspire-A715-76G:~$ date
Friday 03 May 2024 03:44:34 PM IST
rushikesh@rushikesh-Aspire-A715-76G:~$ cal
Command 'cal' not found, but can be installed with:
sudo apt install ncal
rushikesh@rushikesh-Aspire-A715-76G:~$ call
Command 'call' not found, did you mean:
  command 'pall' from snap pall (3.0.1)
  command 'calc' from deb calc (2.12.7.2-4)
  command 'wall' from deb bsdutils (1:2.37.2-4ubuntu3)
  command 'cal' from deb ncal (12.1.7+nmu3ubuntu2)
See 'snap info <snapname>' for additional versions.
rushikesh@rushikesh-Aspire-A715-76G:~$ cal
Command 'cal' not found, but can be installed with:
sudo apt install ncal
rushikesh@rushikesh-Aspire-A715-76G:~$ sudo apt install ncal
[sudo] password for rushikesh: 
Reading package lists... Done
Building dependency tree... Done
Reading state information... Done
The following package was automatically installed and is no longer required:
  nvidia-firmware-535-535.154.05
Use 'sudo apt autoremove' to remove it.
The following NEW packages will be installed:
  ncal
0 upgraded, 1 newly installed, 0 to remove and 9 not upgraded.
Need to get 20.2 kB of archives.
After this operation, 69.6 kB of additional disk space will be used.
Get:1 http://in.archive.ubuntu.com/ubuntu jammy/universe amd64 ncal amd64 12.1.7+nmu3ubuntu2 [20.2 kB]
Fetched 20.2 kB in 3s (6,871 B/s)                            
Selecting previously unselected package ncal.
(Reading database ... 216312 files and directories currently installed.)
Preparing to unpack .../ncal_12.1.7+nmu3ubuntu2_amd64.deb ...
Unpacking ncal (12.1.7+nmu3ubuntu2) ...
Setting up ncal (12.1.7+nmu3ubuntu2) ...
Processing triggers for man-db (2.10.2-1) ...
rushikesh@rushikesh-Aspire-A715-76G:~$ cal
      May 2024        
Su Mo Tu We Th Fr Sa  
          1  2  3  4  
 5  6  7  8  9 10 11  
12 13 14 15 16 17 18  
19 20 21 22 23 24 25  
26 27 28 29 30 31     
                      


rushikesh@rushikesh-Aspire-A715-76G:~$ cat 
rushikesh@rushikesh-Aspire-A715-76G:~$ cat > ram.txrt
rushikesh@rushikesh-Aspire-A715-76G:~$ cat > ram.txt
cat is bluerushikesh@rushikesh-Aspire-A715-76G:~$ 
rushikesh@rushikesh-Aspire-A715-76G:~$ ls
 Arduino     demo1.c        dirs        EOS       main7.out   Public         recursion.out   static.out     Templates
 ARM         demo1.o        Documents   four      Music       ram.txrt       snap            STM32Cube      three
 copy.txt   'desd c prog'   Downloads   IOT       one         ram.txt        static.c        STM32CubeIDE  'Untitled Document 1'
 demo111.c   Desktop        ecp         main7.c   Pictures    recursion1.c   static.o        tac.txt        Videos

rushikesh@rushikesh-Aspire-A715-76G:~$ cp ram.txt one
rushikesh@rushikesh-Aspire-A715-76G:~$ ls

 Arduino     demo1.c        dirs        EOS       main7.out   Public         recursion.out   static.out     Templates
 ARM         demo1.o        Documents   four      Music       ram.txrt       snap            STM32Cube      three
 copy.txt   'desd c prog'   Downloads   IOT       one         ram.txt        static.c        STM32CubeIDE  'Untitled Document 1'
 demo111.c   Desktop        ecp         main7.c   Pictures    recursion1.c   static.o        tac.txt        Videos
rushikesh@rushikesh-Aspire-A715-76G:~$ mv ram.txt ramyaa.txt
rushikesh@rushikesh-Aspire-A715-76G:~$ ls

 Arduino     demo1.c        dirs        EOS       main7.out   Public         recursion.out   static.out     Templates
 ARM         demo1.o        Documents   four      Music       ram.txrt       snap            STM32Cube      three
 copy.txt   'desd c prog'   Downloads   IOT       one         ramyaa.txt     static.c        STM32CubeIDE  'Untitled Document 1'
 demo111.c   Desktop        ecp         main7.c   Pictures    recursion1.c   static.o        tac.txt        Videos

rushikesh@rushikesh-Aspire-A715-76G:~$ factor 5
5: 5
rushikesh@rushikesh-Aspire-A715-76G:~$ ps
    PID TTY          TIME CMD
   5581 pts/0    00:00:00 bash
   6184 pts/0    00:00:00 ps
rushikesh@rushikesh-Aspire-A715-76G:~$ mkdir desd
rushikesh@rushikesh-Aspire-A715-76G:~$ ls

 Arduino     demo1.c        Desktop     ecp    main7.c     Pictures     recursion1.c    static.o       tac.txt                Videos
 ARM         demo1.o        dirs        EOS    main7.out   Public       recursion.out   static.out     Templates
 copy.txt    desd           Documents   four   Music       ram.txrt     snap            STM32Cube      three
 demo111.c  'desd c prog'   Downloads   IOT    one         ramyaa.txt   static.c        STM32CubeIDE  'Untitled Document 1'

rushikesh@rushikesh-Aspire-A715-76G:~$ rmdir desd
rushikesh@rushikesh-Aspire-A715-76G:~$ ls

 Arduino     demo1.c        dirs        EOS       main7.out   Public         recursion.out   static.out     Templates
 ARM         demo1.o        Documents   four      Music       ram.txrt       snap            STM32Cube      three
 copy.txt   'desd c prog'   Downloads   IOT       one         ramyaa.txt     static.c        STM32CubeIDE  'Untitled Document 1'
 demo111.c   Desktop        ecp         main7.c   Pictures    recursion1.c   static.o        tac.txt        Videos

rushikesh@rushikesh-Aspire-A715-76G:~$ ls
 Arduino     demo1.c        dirs        EOS       main7.out   Public         recursion.out   static.out     Templates
 ARM         demo1.o        Documents   four      Music       ram.txrt       snap            STM32Cube      three
 copy.txt   'desd c prog'   Downloads   IOT       one         ramyaa.txt     static.c        STM32CubeIDE  'Untitled Document 1'
 demo111.c   Desktop        ecp         main7.c   Pictures    recursion1.c   static.o        tac.txt        Videos

rushikesh@rushikesh-Aspire-A715-76G:~$ env
SHELL=/bin/bash
SESSION_MANAGER=local/rushikesh-Aspire-A715-76G:@/tmp/.ICE-unix/2054,unix/rushikesh-Aspire-A715-76G:/tmp/.ICE-unix/2054
QT_ACCESSIBILITY=1
COLORTERM=truecolor
XDG_CONFIG_DIRS=/etc/xdg/xdg-ubuntu:/etc/xdg
SSH_AGENT_LAUNCHER=gnome-keyring
XDG_MENU_PREFIX=gnome-
GNOME_DESKTOP_SESSION_ID=this-is-deprecated
GTK_IM_MODULE=ibus
LANGUAGE=en_IN:en
GNOME_SHELL_SESSION_MODE=ubuntu
SSH_AUTH_SOCK=/run/user/1000/keyring/ssh
XMODIFIERS=@im=ibus
DESKTOP_SESSION=ubuntu
GTK_MODULES=gail:atk-bridge
PWD=/home/rushikesh
LOGNAME=rushikesh
XDG_SESSION_DESKTOP=ubuntu
XDG_SESSION_TYPE=x11
GPG_AGENT_INFO=/run/user/1000/gnupg/S.gpg-agent:0:1
SYSTEMD_EXEC_PID=2088
XAUTHORITY=/run/user/1000/gdm/Xauthority
WINDOWPATH=2
HOME=/home/rushikesh
USERNAME=rushikesh
LANG=en_IN
LS_COLORS=rs=0:di=01;34:ln=01;36:mh=00:pi=40;33:so=01;35:do=01;35:bd=40;33;01:cd=40;33;01:or=40;31;01:mi=00:su=37;41:sg=30;43:ca=30;41:tw=30;42:ow=34;42:st=37;44:ex=01;32:*.tar=01;31:*.tgz=01;31:*.arc=01;31:*.arj=01;31:*.taz=01;31:*.lha=01;31:*.lz4=01;31:*.lzh=01;31:*.lzma=01;31:*.tlz=01;31:*.txz=01;31:*.tzo=01;31:*.t7z=01;31:*.zip=01;31:*.z=01;31:*.dz=01;31:*.gz=01;31:*.lrz=01;31:*.lz=01;31:*.lzo=01;31:*.xz=01;31:*.zst=01;31:*.tzst=01;31:*.bz2=01;31:*.bz=01;31:*.tbz=01;31:*.tbz2=01;31:*.tz=01;31:*.deb=01;31:*.rpm=01;31:*.jar=01;31:*.war=01;31:*.ear=01;31:*.sar=01;31:*.rar=01;31:*.alz=01;31:*.ace=01;31:*.zoo=01;31:*.cpio=01;31:*.7z=01;31:*.rz=01;31:*.cab=01;31:*.wim=01;31:*.swm=01;31:*.dwm=01;31:*.esd=01;31:*.jpg=01;35:*.jpeg=01;35:*.mjpg=01;35:*.mjpeg=01;35:*.gif=01;35:*.bmp=01;35:*.pbm=01;35:*.pgm=01;35:*.ppm=01;35:*.tga=01;35:*.xbm=01;35:*.xpm=01;35:*.tif=01;35:*.tiff=01;35:*.png=01;35:*.svg=01;35:*.svgz=01;35:*.mng=01;35:*.pcx=01;35:*.mov=01;35:*.mpg=01;35:*.mpeg=01;35:*.m2v=01;35:*.mkv=01;35:*.webm=01;35:*.webp=01;35:*.ogm=01;35:*.mp4=01;35:*.m4v=01;35:*.mp4v=01;35:*.vob=01;35:*.qt=01;35:*.nuv=01;35:*.wmv=01;35:*.asf=01;35:*.rm=01;35:*.rmvb=01;35:*.flc=01;35:*.avi=01;35:*.fli=01;35:*.flv=01;35:*.gl=01;35:*.dl=01;35:*.xcf=01;35:*.xwd=01;35:*.yuv=01;35:*.cgm=01;35:*.emf=01;35:*.ogv=01;35:*.ogx=01;35:*.aac=00;36:*.au=00;36:*.flac=00;36:*.m4a=00;36:*.mid=00;36:*.midi=00;36:*.mka=00;36:*.mp3=00;36:*.mpc=00;36:*.ogg=00;36:*.ra=00;36:*.wav=00;36:*.oga=00;36:*.opus=00;36:*.spx=00;36:*.xspf=00;36:
XDG_CURRENT_DESKTOP=ubuntu:GNOME
VTE_VERSION=6800
GNOME_TERMINAL_SCREEN=/org/gnome/Terminal/screen/5070215f_6f8c_48b4_a80b_bd8a6978ba69
LESSCLOSE=/usr/bin/lesspipe %s %s
XDG_SESSION_CLASS=user
TERM=xterm-256color
LESSOPEN=| /usr/bin/lesspipe %s
USER=rushikesh
GNOME_TERMINAL_SERVICE=:1.140
DISPLAY=:1
SHLVL=1
QT_IM_MODULE=ibus
XDG_RUNTIME_DIR=/run/user/1000
XDG_DATA_DIRS=/usr/share/ubuntu:/usr/share/gnome:/usr/local/share/:/usr/share/:/var/lib/snapd/desktop
PATH=/opt/st/stm32cubeide_1.15.0/plugins/com.st.stm32cube.ide.mcu.externaltools.gnu-tools-for-stm32.12.3.rel1.linux64_1.0.100.202403111256/tools/bin:/home/rushikesh/.local/bin:/usr/local/sbin:/usr/local/bin:/usr/sbin:/usr/bin:/sbin:/bin:/usr/games:/usr/local/games:/snap/bin:/snap/bin
GDMSESSION=ubuntu
DBUS_SESSION_BUS_ADDRESS=unix:path=/run/user/1000/bus
_=/usr/bin/env
rushikesh@rushikesh-Aspire-A715-76G:~$ echo $SHELL
/bin/bash





rushikesh@rushikesh-Aspire-A715-76G:~$ ps -a
    PID TTY          TIME CMD
   1757 tty2     00:01:24 Xorg
   1890 tty2     00:00:00 gnome-session-b
  10253 pts/0    00:00:00 ps
rushikesh@rushikesh-Aspire-A715-76G:~$ kill 10253
bash: kill: (10253) - No such process
rushikesh@rushikesh-Aspire-A715-76G:~$ kill -l
 1) SIGHUP	 2) SIGINT	 3) SIGQUIT	 4) SIGILL	 5) SIGTRAP
 6) SIGABRT	 7) SIGBUS	 8) SIGFPE	 9) SIGKILL	10) SIGUSR1
11) SIGSEGV	12) SIGUSR2	13) SIGPIPE	14) SIGALRM	15) SIGTERM
16) SIGSTKFLT	17) SIGCHLD	18) SIGCONT	19) SIGSTOP	20) SIGTSTP
21) SIGTTIN	22) SIGTTOU	23) SIGURG	24) SIGXCPU	25) SIGXFSZ
26) SIGVTALRM	27) SIGPROF	28) SIGWINCH	29) SIGIO	30) SIGPWR
31) SIGSYS	34) SIGRTMIN	35) SIGRTMIN+1	36) SIGRTMIN+2	37) SIGRTMIN+3
38) SIGRTMIN+4	39) SIGRTMIN+5	40) SIGRTMIN+6	41) SIGRTMIN+7	42) SIGRTMIN+8
43) SIGRTMIN+9	44) SIGRTMIN+10	45) SIGRTMIN+11	46) SIGRTMIN+12	47) SIGRTMIN+13
48) SIGRTMIN+14	49) SIGRTMIN+15	50) SIGRTMAX-14	51) SIGRTMAX-13	52) SIGRTMAX-12
53) SIGRTMAX-11	54) SIGRTMAX-10	55) SIGRTMAX-9	56) SIGRTMAX-8	57) SIGRTMAX-7
58) SIGRTMAX-6	59) SIGRTMAX-5	60) SIGRTMAX-4	61) SIGRTMAX-3	62) SIGRTMAX-2
63) SIGRTMAX-1	64) SIGRTMAX	
rushikesh@rushikesh-Aspire-A715-76G:~$ kill -9 10253
bash: kill: (10253) - No such process
rushikesh@rushikesh-Aspire-A715-76G:~$ ps -a
    PID TTY          TIME CMD
   1757 tty2     00:01:25 Xorg
   1890 tty2     00:00:00 gnome-session-b
  10432 pts/0    00:00:00 ps


